============================= test session starts =============================
platform win32 -- Python 3.13.12, pytest-9.0.2, pluggy-1.6.0
rootdir: C:\Qubit\OneDrive - Qubit Advisors\Qubit Advisors\Holding\Projetos\SaFE\backend
plugins: anyio-4.12.1
collected 1 item

tests\test_audit_log.py F                                                [100%]

================================== FAILURES ===================================
___________________________ test_audit_log_workflow ___________________________

client = <starlette.testclient.TestClient object at 0x000001E2FF7067B0>

    def test_audit_log_workflow(client):
        """
        Test the full lifecycle of a delivery and verify audit logs at each step.
        1. Create Delivery -> check 'created' event
        2. Update Status to 'at_gate' -> check 'at_gate' event
        3. Authorize -> check 'authorized' event with metadata
        4. Mark Inside -> check 'inside' event
        """
        condo_id = get_first_condo_id()
        if not condo_id:
            pytest.skip("No condominium found")
    
        # 1. Create Delivery
        payload = {
            "condo_id": condo_id,
            "driver_name": "Audit Log Driver",
            "platform": "other",
            "status": "created"
        }
    
        response = client.post("/deliveries/", json=payload)
        assert response.status_code == 200
        data = response.json()
        delivery_id = data["id"]
        created_delivery_ids.append(delivery_id)
    
        # Verify 'created' event
        events_res = client.get(f"/deliveries/{delivery_id}/events")
        assert events_res.status_code == 200
        events = events_res.json()
>       assert len(events) >= 1
E       assert 0 >= 1
E        +  where 0 = len([])

tests\test_audit_log.py:57: AssertionError
---------------------------- Captured stdout call -----------------------------
\U0001f4dd POST /deliveries/ - Audit Log Driver\n\u26a0\ufe0f Failed to log delivery event: {'message': 'new row violates row-level security policy for table "delivery_events"', 'code': '42501', 'hint': None, 'details': None}\n\u2705 Delivery created: bb8c65b7-745c-4982-8baa-7cd9f0a4ea87
============================== warnings summary ===============================
schemas.py:23
  C:\Qubit\OneDrive - Qubit Advisors\Qubit Advisors\Holding\Projetos\SaFE\backend\schemas.py:23: PydanticDeprecatedSince20: Support for class-based `config` is deprecated, use ConfigDict instead. Deprecated in Pydantic V2.0 to be removed in V3.0. See Pydantic V2 Migration Guide at https://errors.pydantic.dev/2.12/migration/
    class Condo(CondoBase):

schemas.py:69
  C:\Qubit\OneDrive - Qubit Advisors\Qubit Advisors\Holding\Projetos\SaFE\backend\schemas.py:69: PydanticDeprecatedSince20: Support for class-based `config` is deprecated, use ConfigDict instead. Deprecated in Pydantic V2.0 to be removed in V3.0. See Pydantic V2 Migration Guide at https://errors.pydantic.dev/2.12/migration/
    class Delivery(DeliveryBase):

schemas.py:102
  C:\Qubit\OneDrive - Qubit Advisors\Qubit Advisors\Holding\Projetos\SaFE\backend\schemas.py:102: PydanticDeprecatedSince20: Support for class-based `config` is deprecated, use ConfigDict instead. Deprecated in Pydantic V2.0 to be removed in V3.0. See Pydantic V2 Migration Guide at https://errors.pydantic.dev/2.12/migration/
    class DeliveryEvent(DeliveryEventCreate):

schemas.py:126
  C:\Qubit\OneDrive - Qubit Advisors\Qubit Advisors\Holding\Projetos\SaFE\backend\schemas.py:126: PydanticDeprecatedSince20: Support for class-based `config` is deprecated, use ConfigDict instead. Deprecated in Pydantic V2.0 to be removed in V3.0. See Pydantic V2 Migration Guide at https://errors.pydantic.dev/2.12/migration/
    class Gate(GateBase):

tests/test_audit_log.py::test_audit_log_workflow
  C:\Qubit\OneDrive - Qubit Advisors\Qubit Advisors\Holding\Projetos\SaFE\.venv\Lib\site-packages\supabase\_sync\client.py:309: DeprecationWarning: The 'timeout' parameter is deprecated. Please configure it in the http client instead.
    return SyncPostgrestClient(

tests/test_audit_log.py::test_audit_log_workflow
  C:\Qubit\OneDrive - Qubit Advisors\Qubit Advisors\Holding\Projetos\SaFE\.venv\Lib\site-packages\supabase\_sync\client.py:309: DeprecationWarning: The 'verify' parameter is deprecated. Please configure it in the http client instead.
    return SyncPostgrestClient(

tests/test_audit_log.py::test_audit_log_workflow
  C:\Qubit\OneDrive - Qubit Advisors\Qubit Advisors\Holding\Projetos\SaFE\backend\routes\deliveries.py:155: PydanticDeprecatedSince20: The `dict` method is deprecated; use `model_dump` instead. Deprecated in Pydantic V2.0 to be removed in V3.0. See Pydantic V2 Migration Guide at https://errors.pydantic.dev/2.12/migration/
    data = delivery.dict(exclude={'driver_lat', 'driver_lng'})

tests/test_audit_log.py::test_audit_log_workflow
  C:\Qubit\OneDrive - Qubit Advisors\Qubit Advisors\Holding\Projetos\SaFE\backend\routes\deliveries.py:157: DeprecationWarning: datetime.datetime.utcnow() is deprecated and scheduled for removal in a future version. Use timezone-aware objects to represent datetimes in UTC: datetime.datetime.now(datetime.UTC).
    data['created_at'] = datetime.utcnow().isoformat()

tests/test_audit_log.py::test_audit_log_workflow
  C:\Qubit\OneDrive - Qubit Advisors\Qubit Advisors\Holding\Projetos\SaFE\backend\routes\deliveries.py:158: DeprecationWarning: datetime.datetime.utcnow() is deprecated and scheduled for removal in a future version. Use timezone-aware objects to represent datetimes in UTC: datetime.datetime.now(datetime.UTC).
    data['updated_at'] = datetime.utcnow().isoformat()

tests/test_audit_log.py::test_audit_log_workflow
  C:\Qubit\OneDrive - Qubit Advisors\Qubit Advisors\Holding\Projetos\SaFE\backend\routes\deliveries.py:51: DeprecationWarning: datetime.datetime.utcnow() is deprecated and scheduled for removal in a future version. Use timezone-aware objects to represent datetimes in UTC: datetime.datetime.now(datetime.UTC).
    'created_at': datetime.utcnow().isoformat()

-- Docs: https://docs.pytest.org/en/stable/how-to/capture-warnings.html
=========================== short test summary info ===========================
FAILED tests/test_audit_log.py::test_audit_log_workflow - assert 0 >= 1
======================= 1 failed, 10 warnings in 1.21s ========================
